// Jest Snapshot v1, https://goo.gl/fbAQLP

exports[`<Login /> has 1 child 1`] = `
<View
  style={
    Object {
      "alignItems": "center",
      "flex": 1,
      "justifyContent": "center",
    }
  }
>
  <View
    style={
      Object {
        "alignItems": "center",
        "marginBottom": 20,
        "marginTop": 10,
      }
    }
  >
    <Image
      source={1}
      style={
        Object {
          "height": 80,
          "marginLeft": -10,
          "marginTop": 3,
          "resizeMode": "contain",
          "width": 100,
        }
      }
    />
  </View>
  <View
    style={
      Object {
        "alignItems": "center",
        "margin": 200,
        "marginHorizontal": 50,
      }
    }
  >
    <Text
      style={
        Object {
          "color": "rgba(96,100,109, 1)",
          "fontSize": 17,
          "lineHeight": 24,
          "textAlign": "center",
        }
      }
    >
      Welcome to React Native Starter
    </Text>
  </View>
  <View>
    <View
      accessibilityRole="button"
      accessibilityStates={Array []}
      accessible={true}
      focusable={true}
      isTVSelectable={true}
      onClick={[Function]}
      onResponderGrant={[Function]}
      onResponderMove={[Function]}
      onResponderRelease={[Function]}
      onResponderTerminate={[Function]}
      onResponderTerminationRequest={[Function]}
      onStartShouldSetResponder={[Function]}
      style={
        Object {
          "opacity": 1,
        }
      }
    >
      <View
        style={
          Array [
            Object {},
          ]
        }
      >
        <Text
          style={
            Array [
              Object {
                "color": "#007AFF",
                "fontSize": 18,
                "padding": 8,
                "textAlign": "center",
              },
            ]
          }
        >
          Log in
        </Text>
      </View>
    </View>
  </View>
</View>
`;
