// Jest Snapshot v1, https://goo.gl/fbAQLP

exports[`<TabBarIcon /> should render 1`] = `<Text />`;
