// Jest Snapshot v1, https://goo.gl/fbAQLP

exports[`<Home /> should render 1`] = `
<View
  style={
    Object {
      "alignItems": "center",
      "flex": 1,
      "justifyContent": "center",
    }
  }
>
  <View
    style={
      Object {
        "alignItems": "center",
        "marginBottom": 20,
        "marginTop": 10,
      }
    }
  >
    <Image
      source={1}
      style={
        Object {
          "height": 80,
          "marginLeft": -10,
          "marginTop": 3,
          "resizeMode": "contain",
          "width": 100,
        }
      }
    />
  </View>
  <View
    style={
      Object {
        "alignItems": "center",
        "marginHorizontal": 50,
      }
    }
  >
    <Text
      style={
        Object {
          "color": "rgba(96,100,109, 1)",
          "fontSize": 17,
          "lineHeight": 24,
          "textAlign": "center",
        }
      }
    >
      React Native Starter
    </Text>
  </View>
  <View
    style={
      Object {
        "alignItems": "center",
        "marginTop": 15,
      }
    }
  >
    <View
      accessible={true}
      focusable={true}
      isTVSelectable={true}
      onClick={[Function]}
      onResponderGrant={[Function]}
      onResponderMove={[Function]}
      onResponderRelease={[Function]}
      onResponderTerminate={[Function]}
      onResponderTerminationRequest={[Function]}
      onStartShouldSetResponder={[Function]}
      style={
        Object {
          "opacity": 1,
          "paddingVertical": 15,
        }
      }
    >
      <Text
        style={
          Object {
            "color": "#2e78b7",
            "fontSize": 18,
            "fontWeight": "bold",
          }
        }
      >
        Github repo!
      </Text>
    </View>
  </View>
  <View
    style={
      Object {
        "alignItems": "center",
        "backgroundColor": "#eee",
        "bottom": 0,
        "height": 50,
        "justifyContent": "center",
        "position": "absolute",
        "width": "100%",
      }
    }
  >
    <Text
      style={
        Object {
          "color": "rgba(96,100,109, 1)",
          "fontSize": 17,
          "textAlign": "center",
        }
      }
    >
      @nextonlabs
    </Text>
  </View>
</View>
`;
