// Jest Snapshot v1, https://goo.gl/fbAQLP

exports[`<ErrorBoundary /> should render childs normally 1`] = `
<View>
  <Text>
    Hi
  </Text>
</View>
`;
